# List of domains to which access from Russia is prohibited or restricted 
2ip.io
2ip.ru
adafruit.com
ads-twitter.com
airbnb.com
analog.com
anilibria.tv
ap.dell.com
apibay.org
apiok.net
api.themoviedb.org
auroraoss.com
badoo.com
bigfangroup.org
bing.com
bitru.org
bosch-home.com
browserleaks.com
bthub.io
bumble.com
cdnfacebook.com
cdninstagram.com
centr.org
chatgpt.com
cisco.com
clamav.net
community.cisco.com
crunchbase.com
customerportal.solarwinds.com
deals.dell.com
dellcdn.com
dell.com
delltechnologiescapital.com
delltechnologies.com
dfs.dell.com
documentation.solarwinds.com
download.lenovo.com
elitebabes.com
euro.dell.com
facebook.com
fastestvpn.com
fbcdn.net
fburl.com
filmix.ac
filmix.biz
firebit.net
frkp.live
f.vision
github.com
github.io
githubusercontent.com
googleapis.com
googlevideo.com
gstatic.com
gvt1.com
hdreactor.info
ig.me
iherb.com
imagetmdb.com
image.tmdb.org
instagram.com
intel.com
investors.delltechnologies.com
jobs.dell.com
jsfiddle.net
kinogo.at
kinogo.baby
kinogo.la
kinopub.me
kinozal.tv
la.dell.com
lenovo.com
leqr.us
licdn.com
linkedin.com
live.com
lnkd.in
lostfilmaa.net
lostfilma.net
lostfilm-a.online
lostfilma.run
lostfilm.net
mattermost.com
maximintegrated.com
megapeer.ru
megapeer.vip
meta.com
microsoft365.com
microsoft.com
mogenius.com
monotypefonts.com
myfonts.com
myip2.ru
netflix.com
news.google.com
nnmclub.to
nntt.org
nxp.com
oaistatic.com
openai.com
openwrt.org
pb.wtf
piratbit.top
pornhub.com
qualcomm.com
quora.com
reddit.com
redis.com
renewals.dell.com
resp.app
rezka.ag
riperam.org
rus-media.org
rutor.info
rutor.is
rutracker.net
rutracker.org
seasonvar.zone
securitytrails.com
sentry.io
setapp.com
skysilk.com
smartbear.com
sm.dell.com
snbforums.com
soap4.me
solarwinds.com
splunk.com
spotify.com
stackify.com
static.solarwinds.com
suggestqueries.google.com
support.solarwinds.com
t.co
templatemonster.com
themoviedb.org
thwack.solarwinds.com
tmdb-image-prod.b-cdn.net
tmdb.org
tradein.dell.com
tvideocardz.com
twimg.com
twitter.co
twitter.com
twitteroauth.com
twttr.com
ultradox.host
uniondht.org
virtuozzo.com
vkino.lafa.site
vpnunlimited.com
vyos.io
weather.com
whatismybrowser.com
whatsapp.net
wunderground.com
xerotica.com
xvideos.com
xv-ru.com
youtu.be
youtube.com
yt3.ggpht.com
ytimg.com
zannn.top
zetfix.online
zetflix-online.co
zetflix-online.net
zetflix-online.one
